<!DOCTYPE html>
<html lang="en">
<head>
    <meta charset="UTF-8">
    <meta name="viewport" content="width=device-width, initial-scale=1.0">
    <meta http-equiv="X-UA-Compatible" content="ie=edge">
    <title>Golden</title>
    <link rel="stylesheet" type="text/css" href="slick/slick.css"/>
    <link rel="stylesheet" type="text/css" href="slick/slick-theme.css"/>
    <link rel="stylesheet" href="css/normalize.css">
    <link rel="stylesheet" href="css/main.css">
</head>
<body>
    <header class="main_header">
        <div class="container flex main_header__wrapper">
            <div class="main_header__logo">
                    <img src="./img/logo.png" alt="Golden logo">
                    <div class="main_header__mobile">
                            <button>
                                <svg xmlns="http://www.w3.org/2000/svg" xmlns:xlink="http://www.w3.org/1999/xlink" viewBox="0 0 50 50" version="1.1" width="50px" height="50px" fill="white">
                                    <g id="surface1">
                                    <path style=" " d="M 0 7.5 L 0 12.5 L 50 12.5 L 50 7.5 Z M 0 22.5 L 0 27.5 L 50 27.5 L 50 22.5 Z M 0 37.5 L 0 42.5 L 50 42.5 L 50 37.5 Z "/>
                                    </g>
                                </svg>
                                        
                            </button>
                        </div>
            </div>
            <div class="main_header__menu">
                <ul class="flex">
                    <li><a href="#">Home</a></li>
                    <li><a href="#">Services</a></li>
                    <li><a href="#">Porfolio</a></li>
                    <li><a href="#">About</a></li>
                    <li><a href="#">Contact</a></li>
                </ul>
            </div>
            
        </div>
        <div class="main_header__titles container">
            <h1>Welcome To Our Studio!</h1>
            <span>Itâ€™s nice to Meet you</span>
            <a class="btn" href="#">Tell Me More</a>
        </div>
    </header>

    <section class="services">
        <div class="container">
                <div class="services_title">
                    <h1>Services</h1>
                    <p>Proin iaculis purus consequat sem cure.</p>
                </div>
                <div class="services_items flex">
                        <div class="services_item">
                            <img src="./img/icon1.png" alt="">
                            <h3>E-Commerce</h3>
                            <p>Proin iaculis purus consequat sem cure 
                                digni ssim. Donec porttitora entum suscipit 
                                aenean rhoncus posuere odio in tincidunt.</p>
                        </div>
                            
                        <div class="services_item">
                            <img src="./img/icon2.png" alt="">
                            <h3>Responsive Web</h3>
                            <p>Proin iaculis purus consequat sem cure 
                                digni ssim. Donec porttitora entum suscipit 
                                aenean rhoncus posuere odio in tincidunt.</p>
                        </div>

                        <div class="services_item">
                            <img src="./img/icon3.png" alt="">
                            <h3>Web Security</h3>
                            <p>Proin iaculis purus consequat sem cure 
                                digni ssim. Donec porttitora entum suscipit 
                                aenean rhoncus posuere odio in tincidunt.</p>
                        </div>

                </div>
                <div class="services_items__mobile flex">
                        <div class="services_item">
                            <img src="./img/icon1.png" alt="">
                            <h3>E-Commerce</h3>
                            <p>Proin iaculis purus consequat sem cure 
                                digni ssim. Donec porttitora entum suscipit 
                                aenean rhoncus posuere odio in tincidunt.</p>
                        </div>
                            
                        <div class="services_item">
                            <img src="./img/icon2.png" alt="">
                            <h3>Responsive Web</h3>
                            <p>Proin iaculis purus consequat sem cure 
                                digni ssim. Donec porttitora entum suscipit 
                                aenean rhoncus posuere odio in tincidunt.</p>
                        </div>

                        <div class="services_item">
                            <img src="./img/icon3.png" alt="">
                            <h3>Web Security</h3>
                            <p>Proin iaculis purus consequat sem cure 
                                digni ssim. Donec porttitora entum suscipit 
                                aenean rhoncus posuere odio in tincidunt.</p>
                        </div>

                </div>

        </div>
    </section>

    <section>

    </section>

    <section>

    </section>

    <footer>

    </footer>











<script type="text/javascript" src="//code.jquery.com/jquery-1.11.0.min.js"></script>
<script type="text/javascript" src="//code.jquery.com/jquery-migrate-1.2.1.min.js"></script>
<script type="text/javascript" src="slick/slick.min.js"></script>





    <script>
     
            $('.services_items__mobile').slick({
                infinite: true,
  slidesToShow: 3,
  slidesToScroll: 3
            });
      
    </script>

</body>
</html>